
> fyp@0.1.0 build
> next build

Γû▓ Next.js 16.1.1 (Turbopack)
- Environments: .env.local

npm : ΓÜá The 
"middleware" file 
convention is 
deprecated. Please 
use "proxy" instead. 
Learn more: https://ne
xtjs.org/docs/messages
/middleware-to-proxy
At line:1 char:1
+ npm run build > 
build_error.log 2>&1
+ ~~~~~~~~~~~~~~~~~~~~
~~~~~~~~~~~~~~~~
    + CategoryInfo    
          : NotSpeci  
  fied: (ΓÜá The "m   
 iddle...leware-to    
-proxy:String) []    
, RemoteException
    + FullyQualifiedE 
   rrorId : NativeCo  
  mmandError
 
  Creating an optimized production build ...
Γ£ô Compiled successfully in 15.3s
  Running TypeScript ...
Failed to compile.

./src/middleware.ts:19
:16
Type error: Parameter 
'cookiesToSet' 
implicitly has an 
'any' type.

[0m [90m 17 |[39m  
         
[36mreturn[39m reque
st[33m.[39mcookies[
33m.[39mgetAll()
 [90m 18 |[39m      
   }[33m,[39m
[31m[1m>[22m[39m[
90m 19 |[39m         
setAll(cookiesToSet) {
 [90m    |[39m      
          
[31m[1m^[22m[39m
 [90m 20 |[39m      
     cookiesToSet[33m
.[39mforEach(({ 
name[33m,[39m 
value[33m,[39m 
options }) 
[33m=>[39m request[
33m.[39mcookies[33m.
[39m[36mset[39m(nam
e[33m,[39m value))
 [90m 21 |[39m      
     response 
[33m=[39m [33mNextR
esponse[39m[33m.[39
mnext({
 [90m 22 |[39m      
       
request[33m,[39m[0m
Next.js build worker 
exited with code: 1 
and signal: null
