
> fyp@0.1.0 build
> next build

Γû▓ Next.js 16.1.1 (Turbopack)
- Environments: .env.local
- Experiments (use with caution):
  ┬╖ serverActions

node.exe : ΓÜá The 
"middleware" file 
convention is deprecated. 
Please use "proxy" 
instead. Learn more: https
://nextjs.org/docs/message
s/middleware-to-proxy
At C:\nvm4w\nodejs\npm.ps1
:16 char:5
+     & 
"$basedir/node$exe"  "$bas
edir/node_modules/npm/bin/
npm-cli.js" ...
+     ~~~~~~~~~~~~~~~~~~~~
~~~~~~~~~~~~~~~~~~~~~~~~~~
~~~~~~~~~~~~~~~~~~~
    + CategoryInfo        
      : NotSpecified: (Γ  
  Üá The "middle...lewa   
 re-to-proxy:String) [    
], RemoteException
    + FullyQualifiedError 
   Id : NativeCommandErr  
  or
 
  Creating an optimized production build ...

> Build error occurred
Error: Turbopack build 
failed with 6 errors:
./src/app/(dashboard)/cale
ndar/page.tsx:3:1
Module not found: Can't 
resolve '@/components/feat
ures/dashboard/CalenderVie
w'
[0m [90m 1 |[39m 
[36mimport[39m { 
getCalendarPageData } 
[36mfrom[39m [32m"@/lib
/db_data_fetching/calendar
"[39m[33m;[39m
 [90m 2 |[39m 
[36mimport[39m { 
[33mCalendar[39m 
[36mas[39m [33mCalendar
Icon[39m[33m,[39m [33m
ChevronLeft[39m[33m,[39
m [33mCheckCircle2[39m[
33m,[39m [33mClock[39m 
} [36mfrom[39m [32m"luc
ide-react"[39m[33m;[39m
[31m[1m>[22m[39m[90m 
3 |[39m [36mimport[39m 
[33mCalenderView[39m 
[36mfrom[39m [32m"@/com
ponents/features/dashboard
/CalenderView"[39m[33m;
[39m
 [90m   |[39m [31m[1m^
[22m[39m[31m[1m^[22m
[39m[31m[1m^[22m[39m[
31m[1m^[22m[39m[31m[1
m^[22m[39m[31m[1m^[22
m[39m[31m[1m^[22m[39m
[31m[1m^[22m[39m[31m
[1m^[22m[39m[31m[1m^[
22m[39m[31m[1m^[22m[3
9m[31m[1m^[22m[39m[31
m[1m^[22m[39m[31m[1m^
[22m[39m[31m[1m^[22m
[39m[31m[1m^[22m[39m[
31m[1m^[22m[39m[31m[1
m^[22m[39m[31m[1m^[22
m[39m[31m[1m^[22m[39m
[31m[1m^[22m[39m[31m
[1m^[22m[39m[31m[1m^[
22m[39m[31m[1m^[22m[3
9m[31m[1m^[22m[39m[31
m[1m^[22m[39m[31m[1m^
[22m[39m[31m[1m^[22m
[39m[31m[1m^[22m[39m[
31m[1m^[22m[39m[31m[1
m^[22m[39m[31m[1m^[22
m[39m[31m[1m^[22m[39m
[31m[1m^[22m[39m[31m
[1m^[22m[39m[31m[1m^[
22m[39m[31m[1m^[22m[3
9m[31m[1m^[22m[39m[31
m[1m^[22m[39m[31m[1m^
[22m[39m[31m[1m^[22m
[39m[31m[1m^[22m[39m[
31m[1m^[22m[39m[31m[1
m^[22m[39m[31m[1m^[22
m[39m[31m[1m^[22m[39m
[31m[1m^[22m[39m[31m
[1m^[22m[39m[31m[1m^[
22m[39m[31m[1m^[22m[3
9m[31m[1m^[22m[39m[31
m[1m^[22m[39m[31m[1m^
[22m[39m[31m[1m^[22m
[39m[31m[1m^[22m[39m[
31m[1m^[22m[39m[31m[1
m^[22m[39m[31m[1m^[22
m[39m[31m[1m^[22m[39m
[31m[1m^[22m[39m[31m
[1m^[22m[39m[31m[1m^[
22m[39m[31m[1m^[22m[3
9m[31m[1m^[22m[39m[31
m[1m^[22m[39m[31m[1m^
[22m[39m[31m[1m^[22m
[39m[31m[1m^[22m[39m[
31m[1m^[22m[39m[31m[1
m^[22m[39m[31m[1m^[22
m[39m[31m[1m^[22m[39m
 [90m 4 |[39m 
[36mimport[39m 
[33mLink[39m 
[36mfrom[39m [32m"next/
link"[39m[33m;[39m
 [90m 5 |[39m
 [90m 6 |[39m 
[36mexport[39m 
[36mdefault[39m 
[36masync[39m 
[36mfunction[39m 
[33mCalendarPage[39m() 
{[0m

Import map: aliased to 
relative './src/components
/features/dashboard/Calend
erView' inside of 
[project]/


https://nextjs.org/docs/me
ssages/module-not-found


./src/app/page.tsx:7:1
Module not found: Can't 
resolve '@/components/feat
ures/home/CTASection'
[0m [90m  5 |[39m 
[36mimport[39m 
[33mLearningSection[39m 
[36mfrom[39m [32m'@/com
ponents/features/home/Lear
ningSection'[39m[33m;[3
9m
 [90m  6 |[39m 
[36mimport[39m [33mTest
imonialsSection[39m 
[36mfrom[39m [32m'@/com
ponents/features/home/Test
imonialsSection'[39m[33m
;[39m
[31m[1m>[22m[39m[90m 
 7 |[39m 
[36mimport[39m 
[33mCTASection[39m 
[36mfrom[39m [32m'@/com
ponents/features/home/CTAS
ection'[39m[33m;[39m
 [90m    |[39m [31m[1m
^[22m[39m[31m[1m^[22m
[39m[31m[1m^[22m[39m
[31m[1m^[22m[39m[31m[
1m^[22m[39m[31m[1m^[2
2m[39m[31m[1m^[22m[39
m[31m[1m^[22m[39m[31m
[1m^[22m[39m[31m[1m^
[22m[39m[31m[1m^[22m[
39m[31m[1m^[22m[39m[3
1m[1m^[22m[39m[31m[1m
^[22m[39m[31m[1m^[22m
[39m[31m[1m^[22m[39m
[31m[1m^[22m[39m[31m[
1m^[22m[39m[31m[1m^[2
2m[39m[31m[1m^[22m[39
m[31m[1m^[22m[39m[31m
[1m^[22m[39m[31m[1m^
[22m[39m[31m[1m^[22m[
39m[31m[1m^[22m[39m[3
1m[1m^[22m[39m[31m[1m
^[22m[39m[31m[1m^[22m
[39m[31m[1m^[22m[39m
[31m[1m^[22m[39m[31m[
1m^[22m[39m[31m[1m^[2
2m[39m[31m[1m^[22m[39
m[31m[1m^[22m[39m[31m
[1m^[22m[39m[31m[1m^
[22m[39m[31m[1m^[22m[
39m[31m[1m^[22m[39m[3
1m[1m^[22m[39m[31m[1m
^[22m[39m[31m[1m^[22m
[39m[31m[1m^[22m[39m
[31m[1m^[22m[39m[31m[
1m^[22m[39m[31m[1m^[2
2m[39m[31m[1m^[22m[39
m[31m[1m^[22m[39m[31m
[1m^[22m[39m[31m[1m^
[22m[39m[31m[1m^[22m[
39m[31m[1m^[22m[39m[3
1m[1m^[22m[39m[31m[1m
^[22m[39m[31m[1m^[22m
[39m[31m[1m^[22m[39m
[31m[1m^[22m[39m[31m[
1m^[22m[39m[31m[1m^[2
2m[39m[31m[1m^[22m[39
m[31m[1m^[22m[39m[31m
[1m^[22m[39m[31m[1m^
[22m[39m[31m[1m^[22m[
39m
 [90m  8 |[39m 
[36mimport[39m 
[33mFooter[39m 
[36mfrom[39m [32m'@/com
ponents/layout/Footer'[39
m[33m;[39m
 [90m  9 |[39m
 [90m 10 |[39m 
[36mexport[39m 
[36mdefault[39m 
[36mfunction[39m 
[33mHomePage[39m() {[0m

Import map: aliased to 
relative './src/components
/features/home/CTASection'
 inside of [project]/


https://nextjs.org/docs/me
ssages/module-not-found


./src/app/page.tsx:4:1
Module not found: Can't 
resolve '@/components/feat
ures/home/ChatFeatureSecti
on'
[0m [90m 2 |[39m 
[36mimport[39m 
[33mHeroSection[39m 
[36mfrom[39m [32m'@/com
ponents/features/home/Hero
Section'[39m[33m;[39m
 [90m 3 |[39m 
[36mimport[39m 
[33mFeatureSection[39m 
[36mfrom[39m [32m'@/com
ponents/features/home/Feat
ureSection'[39m[33m;[39
m
[31m[1m>[22m[39m[90m 
4 |[39m [36mimport[39m 
[33mChatFeatureSection[3
9m [36mfrom[39m [32m'@/
components/features/home/C
hatFeatureSection'[39m[3
3m;[39m
 [90m   |[39m [31m[1m^
[22m[39m[31m[1m^[22m
[39m[31m[1m^[22m[39m[
31m[1m^[22m[39m[31m[1
m^[22m[39m[31m[1m^[22
m[39m[31m[1m^[22m[39m
[31m[1m^[22m[39m[31m
[1m^[22m[39m[31m[1m^[
22m[39m[31m[1m^[22m[3
9m[31m[1m^[22m[39m[31
m[1m^[22m[39m[31m[1m^
[22m[39m[31m[1m^[22m
[39m[31m[1m^[22m[39m[
31m[1m^[22m[39m[31m[1
m^[22m[39m[31m[1m^[22
m[39m[31m[1m^[22m[39m
[31m[1m^[22m[39m[31m
[1m^[22m[39m[31m[1m^[
22m[39m[31m[1m^[22m[3
9m[31m[1m^[22m[39m[31
m[1m^[22m[39m[31m[1m^
[22m[39m[31m[1m^[22m
[39m[31m[1m^[22m[39m[
31m[1m^[22m[39m[31m[1
m^[22m[39m[31m[1m^[22
m[39m[31m[1m^[22m[39m
[31m[1m^[22m[39m[31m
[1m^[22m[39m[31m[1m^[
22m[39m[31m[1m^[22m[3
9m[31m[1m^[22m[39m[31
m[1m^[22m[39m[31m[1m^
[22m[39m[31m[1m^[22m
[39m[31m[1m^[22m[39m[
31m[1m^[22m[39m[31m[1
m^[22m[39m[31m[1m^[22
m[39m[31m[1m^[22m[39m
[31m[1m^[22m[39m[31m
[1m^[22m[39m[31m[1m^[
22m[39m[31m[1m^[22m[3
9m[31m[1m^[22m[39m[31
m[1m^[22m[39m[31m[1m^
[22m[39m[31m[1m^[22m
[39m[31m[1m^[22m[39m[
31m[1m^[22m[39m[31m[1
m^[22m[39m[31m[1m^[22
m[39m[31m[1m^[22m[39m
[31m[1m^[22m[39m[31m
[1m^[22m[39m[31m[1m^[
22m[39m[31m[1m^[22m[3
9m[31m[1m^[22m[39m[31
m[1m^[22m[39m[31m[1m^
[22m[39m[31m[1m^[22m
[39m[31m[1m^[22m[39m[
31m[1m^[22m[39m[31m[1
m^[22m[39m[31m[1m^[22
m[39m[31m[1m^[22m[39m
[31m[1m^[22m[39m[31m
[1m^[22m[39m[31m[1m^[
22m[39m[31m[1m^[22m[3
9m[31m[1m^[22m[39m[31
m[1m^[22m[39m[31m[1m^
[22m[39m
 [90m 5 |[39m 
[36mimport[39m 
[33mLearningSection[39m 
[36mfrom[39m [32m'@/com
ponents/features/home/Lear
ningSection'[39m[33m;[3
9m
 [90m 6 |[39m 
[36mimport[39m [33mTest
imonialsSection[39m 
[36mfrom[39m [32m'@/com
ponents/features/home/Test
imonialsSection'[39m[33m
;[39m
 [90m 7 |[39m 
[36mimport[39m 
[33mCTASection[39m 
[36mfrom[39m [32m'@/com
ponents/features/home/CTAS
ection'[39m[33m;[39m[0
m

Import map: aliased to 
relative './src/components
/features/home/ChatFeature
Section' inside of 
[project]/


https://nextjs.org/docs/me
ssages/module-not-found


./src/app/page.tsx:3:1
Module not found: Can't 
resolve '@/components/feat
ures/home/FeatureSection'
[0m [90m 1 |[39m 
[36mimport[39m 
[33mNavbar[39m 
[36mfrom[39m [32m'@/com
ponents/layout/Navbar'[39
m[33m;[39m
 [90m 2 |[39m 
[36mimport[39m 
[33mHeroSection[39m 
[36mfrom[39m [32m'@/com
ponents/features/home/Hero
Section'[39m[33m;[39m
[31m[1m>[22m[39m[90m 
3 |[39m [36mimport[39m 
[33mFeatureSection[39m 
[36mfrom[39m [32m'@/com
ponents/features/home/Feat
ureSection'[39m[33m;[39
m
 [90m   |[39m [31m[1m^
[22m[39m[31m[1m^[22m
[39m[31m[1m^[22m[39m[
31m[1m^[22m[39m[31m[1
m^[22m[39m[31m[1m^[22
m[39m[31m[1m^[22m[39m
[31m[1m^[22m[39m[31m
[1m^[22m[39m[31m[1m^[
22m[39m[31m[1m^[22m[3
9m[31m[1m^[22m[39m[31
m[1m^[22m[39m[31m[1m^
[22m[39m[31m[1m^[22m
[39m[31m[1m^[22m[39m[
31m[1m^[22m[39m[31m[1
m^[22m[39m[31m[1m^[22
m[39m[31m[1m^[22m[39m
[31m[1m^[22m[39m[31m
[1m^[22m[39m[31m[1m^[
22m[39m[31m[1m^[22m[3
9m[31m[1m^[22m[39m[31
m[1m^[22m[39m[31m[1m^
[22m[39m[31m[1m^[22m
[39m[31m[1m^[22m[39m[
31m[1m^[22m[39m[31m[1
m^[22m[39m[31m[1m^[22
m[39m[31m[1m^[22m[39m
[31m[1m^[22m[39m[31m
[1m^[22m[39m[31m[1m^[
22m[39m[31m[1m^[22m[3
9m[31m[1m^[22m[39m[31
m[1m^[22m[39m[31m[1m^
[22m[39m[31m[1m^[22m
[39m[31m[1m^[22m[39m[
31m[1m^[22m[39m[31m[1
m^[22m[39m[31m[1m^[22
m[39m[31m[1m^[22m[39m
[31m[1m^[22m[39m[31m
[1m^[22m[39m[31m[1m^[
22m[39m[31m[1m^[22m[3
9m[31m[1m^[22m[39m[31
m[1m^[22m[39m[31m[1m^
[22m[39m[31m[1m^[22m
[39m[31m[1m^[22m[39m[
31m[1m^[22m[39m[31m[1
m^[22m[39m[31m[1m^[22
m[39m[31m[1m^[22m[39m
[31m[1m^[22m[39m[31m
[1m^[22m[39m[31m[1m^[
22m[39m[31m[1m^[22m[3
9m[31m[1m^[22m[39m[31
m[1m^[22m[39m[31m[1m^
[22m[39m[31m[1m^[22m
[39m[31m[1m^[22m[39m[
31m[1m^[22m[39m[31m[1
m^[22m[39m[31m[1m^[22
m[39m
 [90m 4 |[39m 
[36mimport[39m [33mChat
FeatureSection[39m 
[36mfrom[39m [32m'@/com
ponents/features/home/Chat
FeatureSection'[39m[33m;
[39m
 [90m 5 |[39m 
[36mimport[39m 
[33mLearningSection[39m 
[36mfrom[39m [32m'@/com
ponents/features/home/Lear
ningSection'[39m[33m;[3
9m
 [90m 6 |[39m 
[36mimport[39m [33mTest
imonialsSection[39m 
[36mfrom[39m [32m'@/com
ponents/features/home/Test
imonialsSection'[39m[33m
;[39m[0m

Import map: aliased to 
relative './src/components
/features/home/FeatureSect
ion' inside of [project]/


https://nextjs.org/docs/me
ssages/module-not-found


./src/app/page.tsx:2:1
Module not found: Can't 
resolve '@/components/feat
ures/home/HeroSection'
[0m [90m 1 |[39m 
[36mimport[39m 
[33mNavbar[39m 
[36mfrom[39m [32m'@/com
ponents/layout/Navbar'[39
m[33m;[39m
[31m[1m>[22m[39m[90m 
2 |[39m [36mimport[39m 
[33mHeroSection[39m 
[36mfrom[39m [32m'@/com
ponents/features/home/Hero
Section'[39m[33m;[39m
 [90m   |[39m [31m[1m^
[22m[39m[31m[1m^[22m
[39m[31m[1m^[22m[39m[
31m[1m^[22m[39m[31m[1
m^[22m[39m[31m[1m^[22
m[39m[31m[1m^[22m[39m
[31m[1m^[22m[39m[31m
[1m^[22m[39m[31m[1m^[
22m[39m[31m[1m^[22m[3
9m[31m[1m^[22m[39m[31
m[1m^[22m[39m[31m[1m^
[22m[39m[31m[1m^[22m
[39m[31m[1m^[22m[39m[
31m[1m^[22m[39m[31m[1
m^[22m[39m[31m[1m^[22
m[39m[31m[1m^[22m[39m
[31m[1m^[22m[39m[31m
[1m^[22m[39m[31m[1m^[
22m[39m[31m[1m^[22m[3
9m[31m[1m^[22m[39m[31
m[1m^[22m[39m[31m[1m^
[22m[39m[31m[1m^[22m
[39m[31m[1m^[22m[39m[
31m[1m^[22m[39m[31m[1
m^[22m[39m[31m[1m^[22
m[39m[31m[1m^[22m[39m
[31m[1m^[22m[39m[31m
[1m^[22m[39m[31m[1m^[
22m[39m[31m[1m^[22m[3
9m[31m[1m^[22m[39m[31
m[1m^[22m[39m[31m[1m^
[22m[39m[31m[1m^[22m
[39m[31m[1m^[22m[39m[
31m[1m^[22m[39m[31m[1
m^[22m[39m[31m[1m^[22
m[39m[31m[1m^[22m[39m
[31m[1m^[22m[39m[31m
[1m^[22m[39m[31m[1m^[
22m[39m[31m[1m^[22m[3
9m[31m[1m^[22m[39m[31
m[1m^[22m[39m[31m[1m^
[22m[39m[31m[1m^[22m
[39m[31m[1m^[22m[39m[
31m[1m^[22m[39m[31m[1
m^[22m[39m[31m[1m^[22
m[39m[31m[1m^[22m[39m
[31m[1m^[22m[39m[31m
[1m^[22m[39m[31m[1m^[
22m[39m[31m[1m^[22m[3
9m[31m[1m^[22m[39m[31
m[1m^[22m[39m
 [90m 3 |[39m 
[36mimport[39m 
[33mFeatureSection[39m 
[36mfrom[39m [32m'@/com
ponents/features/home/Feat
ureSection'[39m[33m;[39
m
 [90m 4 |[39m 
[36mimport[39m [33mChat
FeatureSection[39m 
[36mfrom[39m [32m'@/com
ponents/features/home/Chat
FeatureSection'[39m[33m;
[39m
 [90m 5 |[39m 
[36mimport[39m 
[33mLearningSection[39m 
[36mfrom[39m [32m'@/com
ponents/features/home/Lear
ningSection'[39m[33m;[3
9m[0m

Import map: aliased to 
relative './src/components
/features/home/HeroSection
' inside of [project]/


https://nextjs.org/docs/me
ssages/module-not-found


./src/app/page.tsx:5:1
Module not found: Can't 
resolve '@/components/feat
ures/home/LearningSection'
[0m [90m 3 |[39m 
[36mimport[39m 
[33mFeatureSection[39m 
[36mfrom[39m [32m'@/com
ponents/features/home/Feat
ureSection'[39m[33m;[39
m
 [90m 4 |[39m 
[36mimport[39m [33mChat
FeatureSection[39m 
[36mfrom[39m [32m'@/com
ponents/features/home/Chat
FeatureSection'[39m[33m;
[39m
[31m[1m>[22m[39m[90m 
5 |[39m [36mimport[39m 
[33mLearningSection[39m 
[36mfrom[39m [32m'@/com
ponents/features/home/Lear
ningSection'[39m[33m;[3
9m
 [90m   |[39m [31m[1m^
[22m[39m[31m[1m^[22m
[39m[31m[1m^[22m[39m[
31m[1m^[22m[39m[31m[1
m^[22m[39m[31m[1m^[22
m[39m[31m[1m^[22m[39m
[31m[1m^[22m[39m[31m
[1m^[22m[39m[31m[1m^[
22m[39m[31m[1m^[22m[3
9m[31m[1m^[22m[39m[31
m[1m^[22m[39m[31m[1m^
[22m[39m[31m[1m^[22m
[39m[31m[1m^[22m[39m[
31m[1m^[22m[39m[31m[1
m^[22m[39m[31m[1m^[22
m[39m[31m[1m^[22m[39m
[31m[1m^[22m[39m[31m
[1m^[22m[39m[31m[1m^[
22m[39m[31m[1m^[22m[3
9m[31m[1m^[22m[39m[31
m[1m^[22m[39m[31m[1m^
[22m[39m[31m[1m^[22m
[39m[31m[1m^[22m[39m[
31m[1m^[22m[39m[31m[1
m^[22m[39m[31m[1m^[22
m[39m[31m[1m^[22m[39m
[31m[1m^[22m[39m[31m
[1m^[22m[39m[31m[1m^[
22m[39m[31m[1m^[22m[3
9m[31m[1m^[22m[39m[31
m[1m^[22m[39m[31m[1m^
[22m[39m[31m[1m^[22m
[39m[31m[1m^[22m[39m[
31m[1m^[22m[39m[31m[1
m^[22m[39m[31m[1m^[22
m[39m[31m[1m^[22m[39m
[31m[1m^[22m[39m[31m
[1m^[22m[39m[31m[1m^[
22m[39m[31m[1m^[22m[3
9m[31m[1m^[22m[39m[31
m[1m^[22m[39m[31m[1m^
[22m[39m[31m[1m^[22m
[39m[31m[1m^[22m[39m[
31m[1m^[22m[39m[31m[1
m^[22m[39m[31m[1m^[22
m[39m[31m[1m^[22m[39m
[31m[1m^[22m[39m[31m
[1m^[22m[39m[31m[1m^[
22m[39m[31m[1m^[22m[3
9m[31m[1m^[22m[39m[31
m[1m^[22m[39m[31m[1m^
[22m[39m[31m[1m^[22m
[39m[31m[1m^[22m[39m[
31m[1m^[22m[39m[31m[1
m^[22m[39m[31m[1m^[22
m[39m[31m[1m^[22m[39m
[31m[1m^[22m[39m
 [90m 6 |[39m 
[36mimport[39m [33mTest
imonialsSection[39m 
[36mfrom[39m [32m'@/com
ponents/features/home/Test
imonialsSection'[39m[33m
;[39m
 [90m 7 |[39m 
[36mimport[39m 
[33mCTASection[39m 
[36mfrom[39m [32m'@/com
ponents/features/home/CTAS
ection'[39m[33m;[39m
 [90m 8 |[39m 
[36mimport[39m 
[33mFooter[39m 
[36mfrom[39m [32m'@/com
ponents/layout/Footer'[39
m[33m;[39m[0m

Import map: aliased to 
relative './src/components
/features/home/LearningSec
tion' inside of [project]/


https://nextjs.org/docs/me
ssages/module-not-found


    at <unknown> (./src/ap
p/(dashboard)/calendar/pag
e.tsx:3:1)
    at <unknown> (https://
nextjs.org/docs/messages/m
odule-not-found)
    at <unknown> 
(./src/app/page.tsx:7:1)
    at <unknown> (https://
nextjs.org/docs/messages/m
odule-not-found)
    at <unknown> 
(./src/app/page.tsx:4:1)
    at <unknown> (https://
nextjs.org/docs/messages/m
odule-not-found)
    at <unknown> 
(./src/app/page.tsx:3:1)
    at <unknown> (https://
nextjs.org/docs/messages/m
odule-not-found)
    at <unknown> 
(./src/app/page.tsx:2:1)
    at <unknown> (https://
nextjs.org/docs/messages/m
odule-not-found)
    at <unknown> 
(./src/app/page.tsx:5:1)
    at <unknown> (https://
nextjs.org/docs/messages/m
odule-not-found)
